current directory: /home/koba/projects/comment_app_rails7/vendor/bundle/ruby/3.2.0/gems/unicorn-6.1.0/ext/unicorn_http
/home/koba/.rbenv/versions/3.2.3/bin/ruby extconf.rb
checking for rb_hash_clear() in ruby.h... yes
checking if String#-@ (str_uminus) dedupes... yes
checking if Hash#[]= (rb_hash_aset) dedupes... yes
checking for epoll_create1() in sys/epoll.h... yes
creating Makefile

current directory: /home/koba/projects/comment_app_rails7/vendor/bundle/ruby/3.2.0/gems/unicorn-6.1.0/ext/unicorn_http
make DESTDIR\= sitearchdir\=./.gem.20250823-56862-7i12sx sitelibdir\=./.gem.20250823-56862-7i12sx clean

current directory: /home/koba/projects/comment_app_rails7/vendor/bundle/ruby/3.2.0/gems/unicorn-6.1.0/ext/unicorn_http
make DESTDIR\= sitearchdir\=./.gem.20250823-56862-7i12sx sitelibdir\=./.gem.20250823-56862-7i12sx
compiling httpdate.c
compiling unicorn_http.c
unicorn_http.c:329:18: warning: ‘http_parser_en_main’ defined but not used [-Wunused-const-variable=]
  329 | static const int http_parser_en_main = 1;
      |                  ^~~~~~~~~~~~~~~~~~~
unicorn_http.c:327:18: warning: ‘http_parser_en_ChunkedBody_chunk_chunk_end’ defined but not used [-Wunused-const-variable=]
  327 | static const int http_parser_en_ChunkedBody_chunk_chunk_end = 105;
      |                  ^~~~~~~~~~~~~~~~~~~~~~~~~~~~~~~~~~~~~~~~~~
cc1: note: unrecognized command-line option ‘-Wno-self-assign’ may have been intended to silence earlier diagnostics
cc1: note: unrecognized command-line option ‘-Wno-parentheses-equality’ may have been intended to silence earlier diagnostics
cc1: note: unrecognized command-line option ‘-Wno-constant-logical-operand’ may have been intended to silence earlier diagnostics
linking shared-object unicorn_http.so

current directory: /home/koba/projects/comment_app_rails7/vendor/bundle/ruby/3.2.0/gems/unicorn-6.1.0/ext/unicorn_http
make DESTDIR\= sitearchdir\=./.gem.20250823-56862-7i12sx sitelibdir\=./.gem.20250823-56862-7i12sx install
/usr/bin/install -c -m 0755 unicorn_http.so ./.gem.20250823-56862-7i12sx

current directory: /home/koba/projects/comment_app_rails7/vendor/bundle/ruby/3.2.0/gems/unicorn-6.1.0/ext/unicorn_http
make DESTDIR\= sitearchdir\=./.gem.20250823-56862-7i12sx sitelibdir\=./.gem.20250823-56862-7i12sx clean
