current directory: /home/koba/projects/comment_app_rails7/vendor/bundle/ruby/3.2.0/gems/date-3.4.1/ext/date
/home/koba/.rbenv/versions/3.2.0/bin/ruby -I /home/koba/.rbenv/versions/3.2.0/lib/ruby/3.2.0 extconf.rb
checking for rb_category_warn()... yes
checking for timezone in time.h with  -Werror... yes
checking for altzone in time.h with  -Werror... no
creating Makefile

current directory: /home/koba/projects/comment_app_rails7/vendor/bundle/ruby/3.2.0/gems/date-3.4.1/ext/date
make DESTDIR\= sitearchdir\=./.gem.20250822-1243803-d0vwym sitelibdir\=./.gem.20250822-1243803-d0vwym clean

current directory: /home/koba/projects/comment_app_rails7/vendor/bundle/ruby/3.2.0/gems/date-3.4.1/ext/date
make DESTDIR\= sitearchdir\=./.gem.20250822-1243803-d0vwym sitelibdir\=./.gem.20250822-1243803-d0vwym
compiling date_core.c
compiling date_parse.c
compiling date_strftime.c
compiling date_strptime.c
linking shared-object date_core.so

current directory: /home/koba/projects/comment_app_rails7/vendor/bundle/ruby/3.2.0/gems/date-3.4.1/ext/date
make DESTDIR\= sitearchdir\=./.gem.20250822-1243803-d0vwym sitelibdir\=./.gem.20250822-1243803-d0vwym install
/usr/bin/install -c -m 0755 date_core.so ./.gem.20250822-1243803-d0vwym

current directory: /home/koba/projects/comment_app_rails7/vendor/bundle/ruby/3.2.0/gems/date-3.4.1/ext/date
make DESTDIR\= sitearchdir\=./.gem.20250822-1243803-d0vwym sitelibdir\=./.gem.20250822-1243803-d0vwym clean
